// Jest Snapshot v1, https://goo.gl/fbAQLP

exports[`ForgotPassword renders without crashing 1`] = `
<DocumentFragment>
  <div
    class="sc-gzVnrw jOODUE"
  >
    <nav
      class="sc-EHOje cdWJcG"
    >
      <a
        href="/"
      >
        <img
          alt="Room Logo"
          src="logoText.svg"
        />
      </a>
    </nav>
    <div
      class="forgotPasswordPage"
    >
      <p
        class="forgotPasswordPage__invite"
      >
        Recover Password
      </p>
      <form
        class="loginForm sc-ifAKCX gvcCZV"
      >
        <div
          class="forgotPasswordForm__inputs"
        >
          <div
            class="sc-htpNat SEikf"
          >
            <label
              for="email"
            >
              Email
            </label>
            <input
              id="email"
              required=""
              type="text"
              value=""
            />
          </div>
        </div>
        <div
          class="forgotPasswordForm__submit"
        >
          <button
            class="sc-bdVaJa fTbwKq"
            color="primary"
            type="submit"
          >
            SEND RECOVERY EMAIL
          </button>
          <p
            class="forgotPasswordForm__helperText sc-bwzfXH cdqyRg"
          >
            <span>
              Need an account?
            </span>
            <a
              class="sc-bxivhb eIMCfT"
              href="/"
            >
              Register
            </a>
          </p>
        </div>
      </form>
    </div>
  </div>
</DocumentFragment>
`;
