// Jest Snapshot v1, https://goo.gl/fbAQLP

exports[`Home renders without crashing when no user is logged in 1`] = `
<DocumentFragment>
  <div
    class="sc-bdVaJa ktYadu"
  >
    <nav
      class="sc-bwzfXH bPFVNE"
    >
      <a
        href="/"
      >
        <img
          alt="Room Logo"
          src="logoText.svg"
        />
      </a>
      <a
        class="sc-htpNat hGMLdq"
        color="#B3B2C0"
        href="/login"
      >
        LOGIN
      </a>
    </nav>
    <div
      class="homePage"
    >
      <p
        class="homePage__invite"
      >
        Pick a username to get started
      </p>
      <form
        class="sc-ifAKCX kCEAxF"
      >
        <div
          class="form"
        >
          <input
            class="form__input"
            placeholder="Enter a username"
            value=""
          />
          <button
            class="form__button sc-bxivhb esJnqo"
            color="primary"
            type="submit"
          >
            <i
              class="material-icons"
            >
              arrow_right_alt
            </i>
          </button>
        </div>
      </form>
      <p
        class="sc-EHOje hiuNXc"
      >
        <span>
          Have an account?
        </span>
        <a
          class="sc-htpNat eeHqNq"
          href="/login"
        >
          Login
        </a>
      </p>
    </div>
  </div>
</DocumentFragment>
`;
