// Jest Snapshot v1, https://goo.gl/fbAQLP

exports[`Login renders without crashing 1`] = `
<DocumentFragment>
  <div>
    <form>
      <input
        type="text"
        value=""
      />
      <input
        type="password"
        value=""
      />
      <button
        type="submit"
      >
        login
      </button>
    </form>
  </div>
</DocumentFragment>
`;
