// Jest Snapshot v1, https://goo.gl/fbAQLP

exports[`Login renders without crashing 1`] = `
<DocumentFragment>
  <div
    class="sc-htpNat fJdYQ"
  >
    <nav
      class="sc-bwzfXH bPFVNE"
    >
      <a
        href="/"
      >
        <img
          alt="Room Logo"
          src="logoText.svg"
        />
      </a>
    </nav>
    <div
      class="loginPage"
    >
      <p
        class="loginPage__invite"
      >
        Come back in!
      </p>
      <form>
        <label
          for="username"
        >
          Username
        </label>
        <input
          id="username"
          type="text"
          value=""
        />
        <label
          for="password"
        >
          Password
        </label>
        <input
          id="password"
          type="password"
          value=""
        />
        <a
          href="/forgot-password"
        >
          Forgot password?
        </a>
        <button
          class="sc-bdVaJa vMbWT"
          color="primary"
          type="submit"
        >
          login
        </button>
        <p>
          <span>
            Need an account?
          </span>
          <a
            href="/"
          >
            Register
          </a>
        </p>
      </form>
    </div>
  </div>
</DocumentFragment>
`;
